Archive member included to satisfy reference by file (symbol)

C:/ST/STM32CubeIDE_1.14.0/STM32CubeIDE/plugins/com.st.stm32cube.ide.mcu.externaltools.gnu-tools-for-stm32.11.3.rel1.win32_1.1.100.202309141235/tools/bin/../lib/gcc/arm-none-eabi/11.3.1/../../../../arm-none-eabi/lib/thumb/v7-m/nofp\libc_nano.a(libc_a-exit.o)
                              C:/ST/STM32CubeIDE_1.14.0/STM32CubeIDE/plugins/com.st.stm32cube.ide.mcu.externaltools.gnu-tools-for-stm32.11.3.rel1.win32_1.1.100.202309141235/tools/bin/../lib/gcc/arm-none-eabi/11.3.1/../../../../arm-none-eabi/lib/thumb/v7-m/nofp/crt0.o (exit)
C:/ST/STM32CubeIDE_1.14.0/STM32CubeIDE/plugins/com.st.stm32cube.ide.mcu.externaltools.gnu-tools-for-stm32.11.3.rel1.win32_1.1.100.202309141235/tools/bin/../lib/gcc/arm-none-eabi/11.3.1/../../../../arm-none-eabi/lib/thumb/v7-m/nofp\libc_nano.a(libc_a-findfp.o)
                              C:/ST/STM32CubeIDE_1.14.0/STM32CubeIDE/plugins/com.st.stm32cube.ide.mcu.externaltools.gnu-tools-for-stm32.11.3.rel1.win32_1.1.100.202309141235/tools/bin/../lib/gcc/arm-none-eabi/11.3.1/../../../../arm-none-eabi/lib/thumb/v7-m/nofp\libc_nano.a(libc_a-exit.o) (__stdio_exit_handler)
C:/ST/STM32CubeIDE_1.14.0/STM32CubeIDE/plugins/com.st.stm32cube.ide.mcu.externaltools.gnu-tools-for-stm32.11.3.rel1.win32_1.1.100.202309141235/tools/bin/../lib/gcc/arm-none-eabi/11.3.1/../../../../arm-none-eabi/lib/thumb/v7-m/nofp\libc_nano.a(libc_a-fwalk.o)
                              C:/ST/STM32CubeIDE_1.14.0/STM32CubeIDE/plugins/com.st.stm32cube.ide.mcu.externaltools.gnu-tools-for-stm32.11.3.rel1.win32_1.1.100.202309141235/tools/bin/../lib/gcc/arm-none-eabi/11.3.1/../../../../arm-none-eabi/lib/thumb/v7-m/nofp\libc_nano.a(libc_a-findfp.o) (_fwalk_sglue)
C:/ST/STM32CubeIDE_1.14.0/STM32CubeIDE/plugins/com.st.stm32cube.ide.mcu.externaltools.gnu-tools-for-stm32.11.3.rel1.win32_1.1.100.202309141235/tools/bin/../lib/gcc/arm-none-eabi/11.3.1/../../../../arm-none-eabi/lib/thumb/v7-m/nofp\libc_nano.a(libc_a-stdio.o)
                              C:/ST/STM32CubeIDE_1.14.0/STM32CubeIDE/plugins/com.st.stm32cube.ide.mcu.externaltools.gnu-tools-for-stm32.11.3.rel1.win32_1.1.100.202309141235/tools/bin/../lib/gcc/arm-none-eabi/11.3.1/../../../../arm-none-eabi/lib/thumb/v7-m/nofp\libc_nano.a(libc_a-findfp.o) (__sread)
C:/ST/STM32CubeIDE_1.14.0/STM32CubeIDE/plugins/com.st.stm32cube.ide.mcu.externaltools.gnu-tools-for-stm32.11.3.rel1.win32_1.1.100.202309141235/tools/bin/../lib/gcc/arm-none-eabi/11.3.1/../../../../arm-none-eabi/lib/thumb/v7-m/nofp\libc_nano.a(libc_a-memset.o)
                              C:/ST/STM32CubeIDE_1.14.0/STM32CubeIDE/plugins/com.st.stm32cube.ide.mcu.externaltools.gnu-tools-for-stm32.11.3.rel1.win32_1.1.100.202309141235/tools/bin/../lib/gcc/arm-none-eabi/11.3.1/../../../../arm-none-eabi/lib/thumb/v7-m/nofp/crt0.o (memset)
C:/ST/STM32CubeIDE_1.14.0/STM32CubeIDE/plugins/com.st.stm32cube.ide.mcu.externaltools.gnu-tools-for-stm32.11.3.rel1.win32_1.1.100.202309141235/tools/bin/../lib/gcc/arm-none-eabi/11.3.1/../../../../arm-none-eabi/lib/thumb/v7-m/nofp\libc_nano.a(libc_a-closer.o)
                              C:/ST/STM32CubeIDE_1.14.0/STM32CubeIDE/plugins/com.st.stm32cube.ide.mcu.externaltools.gnu-tools-for-stm32.11.3.rel1.win32_1.1.100.202309141235/tools/bin/../lib/gcc/arm-none-eabi/11.3.1/../../../../arm-none-eabi/lib/thumb/v7-m/nofp\libc_nano.a(libc_a-stdio.o) (_close_r)
C:/ST/STM32CubeIDE_1.14.0/STM32CubeIDE/plugins/com.st.stm32cube.ide.mcu.externaltools.gnu-tools-for-stm32.11.3.rel1.win32_1.1.100.202309141235/tools/bin/../lib/gcc/arm-none-eabi/11.3.1/../../../../arm-none-eabi/lib/thumb/v7-m/nofp\libc_nano.a(libc_a-reent.o)
                              C:/ST/STM32CubeIDE_1.14.0/STM32CubeIDE/plugins/com.st.stm32cube.ide.mcu.externaltools.gnu-tools-for-stm32.11.3.rel1.win32_1.1.100.202309141235/tools/bin/../lib/gcc/arm-none-eabi/11.3.1/../../../../arm-none-eabi/lib/thumb/v7-m/nofp\libc_nano.a(libc_a-closer.o) (errno)
C:/ST/STM32CubeIDE_1.14.0/STM32CubeIDE/plugins/com.st.stm32cube.ide.mcu.externaltools.gnu-tools-for-stm32.11.3.rel1.win32_1.1.100.202309141235/tools/bin/../lib/gcc/arm-none-eabi/11.3.1/../../../../arm-none-eabi/lib/thumb/v7-m/nofp\libc_nano.a(libc_a-impure.o)
                              C:/ST/STM32CubeIDE_1.14.0/STM32CubeIDE/plugins/com.st.stm32cube.ide.mcu.externaltools.gnu-tools-for-stm32.11.3.rel1.win32_1.1.100.202309141235/tools/bin/../lib/gcc/arm-none-eabi/11.3.1/../../../../arm-none-eabi/lib/thumb/v7-m/nofp\libc_nano.a(libc_a-reent.o) (_impure_ptr)
C:/ST/STM32CubeIDE_1.14.0/STM32CubeIDE/plugins/com.st.stm32cube.ide.mcu.externaltools.gnu-tools-for-stm32.11.3.rel1.win32_1.1.100.202309141235/tools/bin/../lib/gcc/arm-none-eabi/11.3.1/../../../../arm-none-eabi/lib/thumb/v7-m/nofp\libc_nano.a(libc_a-lseekr.o)
[...]
Memory Configuration

Name             Origin             Length             Attributes
RAM              0x0000000020000000 0x0000000000002800 xrw
FLASH            0x0000000008000000 0x0000000000008000 xr
*default*        0x0000000000000000 0xffffffffffffffff

Linker script and memory map

LOAD C:/ST/STM32CubeIDE_1.14.0/STM32CubeIDE/plugins/com.st.stm32cube.ide.mcu.externaltools.gnu-tools-for-stm32.11.3.rel1.win32_1.1.100.202309141235/tools/bin/../lib/gcc/arm-none-eabi/11.3.1/thumb/v7-m/nofp/crti.o
LOAD C:/ST/STM32CubeIDE_1.14.0/STM32CubeIDE/plugins/com.st.stm32cube.ide.mcu.externaltools.gnu-tools-for-stm32.11.3.rel1.win32_1.1.100.202309141235/tools/bin/../lib/gcc/arm-none-eabi/11.3.1/thumb/v7-m/nofp/crtbegin.o
LOAD C:/ST/STM32CubeIDE_1.14.0/STM32CubeIDE/plugins/com.st.stm32cube.ide.mcu.externaltools.gnu-tools-for-stm32.11.3.rel1.win32_1.1.100.202309141235/tools/bin/../lib/gcc/arm-none-eabi/11.3.1/../../../../arm-none-eabi/lib/thumb/v7-m/nofp/crt0.o
LOAD ./Core/Src/Bs81x.o
LOAD ./Core/Src/Bs81x_User.o
LOAD ./Core/Src/TM1638.o
LOAD ./Core/Src/TM1638_platform.o
LOAD ./Core/Src/main.o
LOAD ./Core/Src/stm32f1xx_hal_msp.o
LOAD ./Core/Src/stm32f1xx_it.o
LOAD ./Core/Src/syscalls.o
LOAD ./Core/Src/sysmem.o
LOAD ./Core/Src/system_stm32f1xx.o
LOAD ./Core/Startup/startup_stm32f103c6tx.o
LOAD ./Drivers/STM32F1xx_HAL_Driver/Src/stm32f1xx_hal.o
LOAD ./Drivers/STM32F1xx_HAL_Driver/Src/stm32f1xx_hal_cortex.o
LOAD ./Drivers/STM32F1xx_HAL_Driver/Src/stm32f1xx_hal_dma.o
LOAD ./Drivers/STM32F1xx_HAL_Driver/Src/stm32f1xx_hal_exti.o
LOAD ./Drivers/STM32F1xx_HAL_Driver/Src/stm32f1xx_hal_flash.o
LOAD ./Drivers/STM32F1xx_HAL_Driver/Src/stm32f1xx_hal_flash_ex.o
LOAD ./Drivers/STM32F1xx_HAL_Driver/Src/stm32f1xx_hal_gpio.o
LOAD ./Drivers/STM32F1xx_HAL_Driver/Src/stm32f1xx_hal_gpio_ex.o
LOAD ./Drivers/STM32F1xx_HAL_Driver/Src/stm32f1xx_hal_pwr.o
LOAD ./Drivers/STM32F1xx_HAL_Driver/Src/stm32f1xx_hal_rcc.o
LOAD ./Drivers/STM32F1xx_HAL_Driver/Src/stm32f1xx_hal_rcc_ex.o
LOAD ./Drivers/STM32F1xx_HAL_Driver/Src/stm32f1xx_hal_tim.o
LOAD ./Drivers/STM32F1xx_HAL_Driver/Src/stm32f1xx_hal_tim_ex.o
START GROUP
LOAD C:/ST/STM32CubeIDE_1.14.0/STM32CubeIDE/plugins/com.st.stm32cube.ide.mcu.externaltools.gnu-tools-for-stm32.11.3.rel1.win32_1.1.100.202309141235/tools/bin/../lib/gcc/arm-none-eabi/11.3.1/../../../../arm-none-eabi/lib/thumb/v7-m/nofp\libc_nano.a
LOAD C:/ST/STM32CubeIDE_1.14.0/STM32CubeIDE/plugins/com.st.stm32cube.ide.mcu.externaltools.gnu-tools-for-stm32.11.3.rel1.win32_1.1.100.202309141235/tools/bin/../lib/gcc/arm-none-eabi/11.3.1/../../../../arm-none-eabi/lib/thumb/v7-m/nofp\libm.a
END GROUP
START GROUP
LOAD C:/ST/STM32CubeIDE_1.14.0/STM32CubeIDE/plugins/com.st.stm32cube.ide.mcu.externaltools.gnu-tools-for-stm32.11.3.rel1.win32_1.1.100.202309141235/tools/bin/../lib/gcc/arm-none-eabi/11.3.1/thumb/v7-m/nofp\libgcc.a
LOAD C:/ST/STM32CubeIDE_1.14.0/STM32CubeIDE/plugins/com.st.stm32cube.ide.mcu.externaltools.gnu-tools-for-stm32.11.3.rel1.win32_1.1.100.202309141235/tools/bin/../lib/gcc/arm-none-eabi/11.3.1/../../../../arm-none-eabi/lib/thumb/v7-m/nofp\libc_nano.a
END GROUP
START GROUP
LOAD C:/ST/STM32CubeIDE_1.14.0/STM32CubeIDE/plugins/com.st.stm32cube.ide.mcu.externaltools.gnu-tools-for-stm32.11.3.rel1.win32_1.1.100.202309141235/tools/bin/../lib/gcc/arm-none-eabi/11.3.1/thumb/v7-m/nofp\libgcc.a
LOAD C:/ST/STM32CubeIDE_1.14.0/STM32CubeIDE/plugins/com.st.stm32cube.ide.mcu.externaltools.gnu-tools-for-stm32.11.3.rel1.win32_1.1.100.202309141235/tools/bin/../lib/gcc/arm-none-eabi/11.3.1/../../../../arm-none-eabi/lib/thumb/v7-m/nofp\libc_nano.a
LOAD C:/ST/STM32CubeIDE_1.14.0/STM32CubeIDE/plugins/com.st.stm32cube.ide.mcu.externaltools.gnu-tools-for-stm32.11.3.rel1.win32_1.1.100.202309141235/tools/bin/../lib/gcc/arm-none-eabi/11.3.1/../../../../arm-none-eabi/lib/thumb/v7-m/nofp\libnosys.a
END GROUP
START GROUP
LOAD C:/ST/STM32CubeIDE_1.14.0/STM32CubeIDE/plugins/com.st.stm32cube.ide.mcu.externaltools.gnu-tools-for-stm32.11.3.rel1.win32_1.1.100.202309141235/tools/bin/../lib/gcc/arm-none-eabi/11.3.1/thumb/v7-m/nofp\libgcc.a
LOAD C:/ST/STM32CubeIDE_1.14.0/STM32CubeIDE/plugins/com.st.stm32cube.ide.mcu.externaltools.gnu-tools-for-stm32.11.3.rel1.win32_1.1.100.202309141235/tools/bin/../lib/gcc/arm-none-eabi/11.3.1/../../../../arm-none-eabi/lib/thumb/v7-m/nofp\libc_nano.a
LOAD C:/ST/STM32CubeIDE_1.14.0/STM32CubeIDE/plugins/com.st.stm32cube.ide.mcu.externaltools.gnu-tools-for-stm32.11.3.rel1.win32_1.1.100.202309141235/tools/bin/../lib/gcc/arm-none-eabi/11.3.1/../../../../arm-none-eabi/lib/thumb/v7-m/nofp\libnosys.a
END GROUP
LOAD C:/ST/STM32CubeIDE_1.14.0/STM32CubeIDE/plugins/com.st.stm32cube.ide.mcu.externaltools.gnu-tools-for-stm32.11.3.rel1.win32_1.1.100.202309141235/tools/bin/../lib/gcc/arm-none-eabi/11.3.1/thumb/v7-m/nofp/crtend.o
LOAD C:/ST/STM32CubeIDE_1.14.0/STM32CubeIDE/plugins/com.st.stm32cube.ide.mcu.externaltools.gnu-tools-for-stm32.11.3.rel1.win32_1.1.100.202309141235/tools/bin/../lib/gcc/arm-none-eabi/11.3.1/thumb/v7-m/nofp/crtn.o
                0x0000000020002800                _estack = (ORIGIN (RAM) + LENGTH (RAM))
                0x0000000000000200                _Min_Heap_Size = 0x200
                0x0000000000000400                _Min_Stack_Size = 0x400

.isr_vector     0x0000000008000000      0x10c
                0x0000000008000000                . = ALIGN (0x4)
 *(.isr_vector)
 .isr_vector    0x0000000008000000      0x10c ./Core/Startup/startup_stm32f103c6tx.o
                0x0000000008000000                g_pfnVectors
                0x000000000800010c                . = ALIGN (0x4)

.text           0x000000000800010c     0x191c
                0x000000000800010c                . = ALIGN (0x4)
 *(.text)
 .text          0x000000000800010c       0x40 C:/ST/STM32CubeIDE_1.14.0/STM32CubeIDE/plugins/com.st.stm32cube.ide.mcu.externaltools.gnu-tools-for-stm32.11.3.rel1.win32_1.1.100.202309141235/tools/bin/../lib/gcc/arm-none-eabi/11.3.1/thumb/v7-m/nofp/crtbegin.o
 *(.text*)
 .text.Bs81x_Init
                0x000000000800014c       0x34 ./Core/Src/Bs81x.o
                0x000000000800014c                Bs81x_Init
 .text.TM1638_StartComunication
                0x0000000008000180       0x18 ./Core/Src/TM1638.o
 .text.TM1638_StopComunication
                0x0000000008000198       0x18 ./Core/Src/TM1638.o
 .text.TM1638_WriteBytes
                0x00000000080001b0       0x84 ./Core/Src/TM1638.o
 .text.TM1638_SetMultipleDisplayRegister
                0x0000000008000234       0x6c ./Core/Src/TM1638.o
 .text.TM1638_Init
                0x00000000080002a0       0x5a ./Core/Src/TM1638.o
                0x00000000080002a0                TM1638_Init
 .text.TM1638_ConfigDisplay
                0x00000000080002fa       0x66 ./Core/Src/TM1638.o
                0x00000000080002fa                TM1638_ConfigDisplay
 .text.TM1638_SetMultipleDigit
                0x0000000008000360      0x12c ./Core/Src/TM1638.o
                0x0000000008000360                TM1638_SetMultipleDigit
 .text.TM1638_SetMultipleDigit_HEX
                0x000000000800048c      0x1c8 ./Core/Src/TM1638.o
                0x000000000800048c                TM1638_SetMultipleDigit_HEX
 .text.TM1638_SetGPIO_OUT
                0x0000000008000654       0x3c ./Core/Src/TM1638_platform.o
 .text.TM1638_SetGPIO_IN_PU
                0x0000000008000690       0x3c ./Core/Src/TM1638_platform.o
 .text.TM1638_PlatformInit
                0x00000000080006cc       0x24 ./Core/Src/TM1638_platform.o
 .text.TM1638_PlatformDeInit
                0x00000000080006f0        0xc ./Core/Src/TM1638_platform.o
 .text.TM1638_DioConfigOut
                0x00000000080006fc       0x14 ./Core/Src/TM1638_platform.o
 .text.TM1638_DioConfigIn
                0x0000000008000710       0x14 ./Core/Src/TM1638_platform.o
 .text.TM1638_DioWrite
                0x0000000008000724       0x24 ./Core/Src/TM1638_platform.o
 .text.TM1638_DioRead
                0x0000000008000748       0x18 ./Core/Src/TM1638_platform.o
 .text.TM1638_ClkWrite
                0x0000000008000760       0x24 ./Core/Src/TM1638_platform.o
 .text.TM1638_StbWrite
                0x0000000008000784       0x24 ./Core/Src/TM1638_platform.o
 .text.TM1638_DelayUs
                0x00000000080007a8       0x32 ./Core/Src/TM1638_platform.o
 *fill*         0x00000000080007da        0x2 
 .text.TM1638_Platform_Init
                0x00000000080007dc       0x6c ./Core/Src/TM1638_platform.o
                0x00000000080007dc                TM1638_Platform_Init
 .text.printLCD
                0x0000000008000848       0xd8 ./Core/Src/main.o
                0x0000000008000848                printLCD
 .text.setTimeAuto
                0x0000000008000920       0x6c ./Core/Src/main.o
                0x0000000008000920                setTimeAuto
 .text.main     0x000000000800098c       0x38 ./Core/Src/main.o
                0x000000000800098c                main
 .text.SystemClock_Config
                0x00000000080009c4       0x76 ./Core/Src/main.o
                0x00000000080009c4                SystemClock_Config
 *fill*         0x0000000008000a3a        0x2 
 .text.MX_GPIO_Init
                0x0000000008000a3c       0x7c ./Core/Src/main.o
 .text.Error_Handler
                0x0000000008000ab8        0xa ./Core/Src/main.o
                0x0000000008000ab8                Error_Handler
 *fill*         0x0000000008000ac2        0x2 
 .text.HAL_MspInit
                0x0000000008000ac4       0x64 ./Core/Src/stm32f1xx_hal_msp.o
                0x0000000008000ac4                HAL_MspInit
 .text.NMI_Handler
                0x0000000008000b28        0x6 ./Core/Src/stm32f1xx_it.o
                0x0000000008000b28                NMI_Handler
 .text.HardFault_Handler
                0x0000000008000b2e        0x6 ./Core/Src/stm32f1xx_it.o
                0x0000000008000b2e                HardFault_Handler
 .text.MemManage_Handler
                0x0000000008000b34        0x6 ./Core/Src/stm32f1xx_it.o
                0x0000000008000b34                MemManage_Handler
 .text.BusFault_Handler
                0x0000000008000b3a        0x6 ./Core/Src/stm32f1xx_it.o
                0x0000000008000b3a                BusFault_Handler
 .text.UsageFault_Handler
                0x0000000008000b40        0x6 ./Core/Src/stm32f1xx_it.o
                0x0000000008000b40                UsageFault_Handler
 .text.SVC_Handler
                0x0000000008000b46        0xc ./Core/Src/stm32f1xx_it.o
                0x0000000008000b46                SVC_Handler
 .text.DebugMon_Handler
                0x0000000008000b52        0xc ./Core/Src/stm32f1xx_it.o
                0x0000000008000b52                DebugMon_Handler
 .text.PendSV_Handler
                0x0000000008000b5e        0xc ./Core/Src/stm32f1xx_it.o
                0x0000000008000b5e                PendSV_Handler
 .text.SysTick_Handler
                0x0000000008000b6a        0xc ./Core/Src/stm32f1xx_it.o
                0x0000000008000b6a                SysTick_Handler
 .text.SystemInit
                0x0000000008000b76        0xc ./Core/Src/system_stm32f1xx.o
                0x0000000008000b76                SystemInit
 *fill*         0x0000000008000b82        0x2 
 .text.Reset_Handler
                0x0000000008000b84       0x48 ./Core/Startup/startup_stm32f103c6tx.o
                0x0000000008000b84                Reset_Handler
 .text.Default_Handler
                0x0000000008000bcc        0x2 ./Core/Startup/startup_stm32f103c6tx.o
                0x0000000008000bcc                RTC_Alarm_IRQHandler
                0x0000000008000bcc                EXTI2_IRQHandler
                0x0000000008000bcc                TIM1_CC_IRQHandler
                0x0000000008000bcc                PVD_IRQHandler
                0x0000000008000bcc                EXTI3_IRQHandler
                0x0000000008000bcc                EXTI0_IRQHandler
                0x0000000008000bcc                ADC1_2_IRQHandler
                0x0000000008000bcc                SPI1_IRQHandler
                0x0000000008000bcc                TAMPER_IRQHandler
                0x0000000008000bcc                DMA1_Channel4_IRQHandler
                0x0000000008000bcc                RTC_IRQHandler
                0x0000000008000bcc                DMA1_Channel7_IRQHandler
                0x0000000008000bcc                CAN1_RX1_IRQHandler
                0x0000000008000bcc                I2C1_EV_IRQHandler
                0x0000000008000bcc                DMA1_Channel6_IRQHandler
                0x0000000008000bcc                TIM3_IRQHandler
                0x0000000008000bcc                RCC_IRQHandler
                0x0000000008000bcc                TIM1_TRG_COM_IRQHandler
                0x0000000008000bcc                DMA1_Channel1_IRQHandler
                0x0000000008000bcc                Default_Handler
                0x0000000008000bcc                EXTI15_10_IRQHandler
                0x0000000008000bcc                EXTI9_5_IRQHandler
                0x0000000008000bcc                DMA1_Channel5_IRQHandler
                0x0000000008000bcc                EXTI4_IRQHandler
                0x0000000008000bcc                USB_LP_CAN1_RX0_IRQHandler
                0x0000000008000bcc                USB_HP_CAN1_TX_IRQHandler
                0x0000000008000bcc                DMA1_Channel3_IRQHandler
                0x0000000008000bcc                TIM1_UP_IRQHandler
                0x0000000008000bcc                WWDG_IRQHandler
                0x0000000008000bcc                TIM2_IRQHandler
                0x0000000008000bcc                TIM1_BRK_IRQHandler
                0x0000000008000bcc                EXTI1_IRQHandler
                0x0000000008000bcc                USART2_IRQHandler
                0x0000000008000bcc                DMA1_Channel2_IRQHandler
                0x0000000008000bcc                CAN1_SCE_IRQHandler
                0x0000000008000bcc                FLASH_IRQHandler
                0x0000000008000bcc                USART1_IRQHandler
                0x0000000008000bcc                I2C1_ER_IRQHandler
                0x0000000008000bcc                USBWakeUp_IRQHandler
 *fill*         0x0000000008000bce        0x2 
 .text.HAL_Init
                0x0000000008000bd0       0x2c ./Drivers/STM32F1xx_HAL_Driver/Src/stm32f1xx_hal.o
                0x0000000008000bd0                HAL_Init
 .text.HAL_InitTick
                0x0000000008000bfc       0x60 ./Drivers/STM32F1xx_HAL_Driver/Src/stm32f1xx_hal.o
                0x0000000008000bfc                HAL_InitTick
 .text.HAL_IncTick
                0x0000000008000c5c       0x24 ./Drivers/STM32F1xx_HAL_Driver/Src/stm32f1xx_hal.o
                0x0000000008000c5c                HAL_IncTick
 .text.HAL_GetTick
                0x0000000008000c80       0x14 ./Drivers/STM32F1xx_HAL_Driver/Src/stm32f1xx_hal.o
                0x0000000008000c80                HAL_GetTick
 .text.HAL_Delay
                0x0000000008000c94       0x48 ./Drivers/STM32F1xx_HAL_Driver/Src/stm32f1xx_hal.o
                0x0000000008000c94                HAL_Delay
 .text.__NVIC_SetPriorityGrouping
                0x0000000008000cdc       0x48 ./Drivers/STM32F1xx_HAL_Driver/Src/stm32f1xx_hal_cortex.o
 .text.__NVIC_GetPriorityGrouping
                0x0000000008000d24       0x1c ./Drivers/STM32F1xx_HAL_Driver/Src/stm32f1xx_hal_cortex.o
 .text.__NVIC_SetPriority
                0x0000000008000d40       0x54 ./Drivers/STM32F1xx_HAL_Driver/Src/stm32f1xx_hal_cortex.o
 .text.NVIC_EncodePriority
                0x0000000008000d94       0x64 ./Drivers/STM32F1xx_HAL_Driver/Src/stm32f1xx_hal_cortex.o
 .text.SysTick_Config
                0x0000000008000df8       0x44 ./Drivers/STM32F1xx_HAL_Driver/Src/stm32f1xx_hal_cortex.o
 .text.HAL_NVIC_SetPriorityGrouping
                0x0000000008000e3c       0x16 ./Drivers/STM32F1xx_HAL_Driver/Src/stm32f1xx_hal_cortex.o
                0x0000000008000e3c                HAL_NVIC_SetPriorityGrouping
 .text.HAL_NVIC_SetPriority
                0x0000000008000e52       0x38 ./Drivers/STM32F1xx_HAL_Driver/Src/stm32f1xx_hal_cortex.o
                0x0000000008000e52                HAL_NVIC_SetPriority
 .text.HAL_SYSTICK_Config
                0x0000000008000e8a       0x18 ./Drivers/STM32F1xx_HAL_Driver/Src/stm32f1xx_hal_cortex.o
                0x0000000008000e8a                HAL_SYSTICK_Config
 *fill*         0x0000000008000ea2        0x2 
 .text.HAL_GPIO_Init
                0x0000000008000ea4      0x2f8 ./Drivers/STM32F1xx_HAL_Driver/Src/stm32f1xx_hal_gpio.o
                0x0000000008000ea4                HAL_GPIO_Init
 .text.HAL_GPIO_ReadPin
                0x000000000800119c       0x2e ./Drivers/STM32F1xx_HAL_Driver/Src/stm32f1xx_hal_gpio.o
                0x000000000800119c                HAL_GPIO_ReadPin
 .text.HAL_GPIO_WritePin
                0x00000000080011ca       0x30 ./Drivers/STM32F1xx_HAL_Driver/Src/stm32f1xx_hal_gpio.o
                0x00000000080011ca                HAL_GPIO_WritePin
 *fill*         0x00000000080011fa        0x2 
 .text.HAL_RCC_OscConfig
                0x00000000080011fc      0x504 ./Drivers/STM32F1xx_HAL_Driver/Src/stm32f1xx_hal_rcc.o
                0x00000000080011fc                HAL_RCC_OscConfig
 .text.HAL_RCC_ClockConfig
                0x0000000008001700      0x1d4 ./Drivers/STM32F1xx_HAL_Driver/Src/stm32f1xx_hal_rcc.o
                0x0000000008001700                HAL_RCC_ClockConfig
 .text.HAL_RCC_GetSysClockFreq
                0x00000000080018d4       0xa8 ./Drivers/STM32F1xx_HAL_Driver/Src/stm32f1xx_hal_rcc.o
                0x00000000080018d4                HAL_RCC_GetSysClockFreq
 .text.RCC_Delay
                0x000000000800197c       0x3c ./Drivers/STM32F1xx_HAL_Driver/Src/stm32f1xx_hal_rcc.o
 .text.memset   0x00000000080019b8       0x10 C:/ST/STM32CubeIDE_1.14.0/STM32CubeIDE/plugins/com.st.stm32cube.ide.mcu.externaltools.gnu-tools-for-stm32.11.3.rel1.win32_1.1.100.202309141235/tools/bin/../lib/gcc/arm-none-eabi/11.3.1/../../../../arm-none-eabi/lib/thumb/v7-m/nofp\libc_nano.a(libc_a-memset.o)
                0x00000000080019b8                memset
 .text.__libc_init_array
                0x00000000080019c8       0x48 C:/ST/STM32CubeIDE_1.14.0/STM32CubeIDE/plugins/com.st.stm32cube.ide.mcu.externaltools.gnu-tools-for-stm32.11.3.rel1.win32_1.1.100.202309141235/tools/bin/../lib/gcc/arm-none-eabi/11.3.1/../../../../arm-none-eabi/lib/thumb/v7-m/nofp\libc_nano.a(libc_a-init.o)
                0x00000000080019c8                __libc_init_array
 *(.glue_7)
 .glue_7        0x0000000008001a10        0x0 linker stubs
 *(.glue_7t)
 .glue_7t       0x0000000008001a10        0x0 linker stubs
 *(.eh_frame)
 .eh_frame      0x0000000008001a10        0x0 C:/ST/STM32CubeIDE_1.14.0/STM32CubeIDE/plugins/com.st.stm32cube.ide.mcu.externaltools.gnu-tools-for-stm32.11.3.rel1.win32_1.1.100.202309141235/tools/bin/../lib/gcc/arm-none-eabi/11.3.1/thumb/v7-m/nofp/crtbegin.o
 *(.init)
 .init          0x0000000008001a10        0x4 C:/ST/STM32CubeIDE_1.14.0/STM32CubeIDE/plugins/com.st.stm32cube.ide.mcu.externaltools.gnu-tools-for-stm32.11.3.rel1.win32_1.1.100.202309141235/tools/bin/../lib/gcc/arm-none-eabi/11.3.1/thumb/v7-m/nofp/crti.o
                0x0000000008001a10                _init
 .init          0x0000000008001a14        0x8 C:/ST/STM32CubeIDE_1.14.0/STM32CubeIDE/plugins/com.st.stm32cube.ide.mcu.externaltools.gnu-tools-for-stm32.11.3.rel1.win32_1.1.100.202309141235/tools/bin/../lib/gcc/arm-none-eabi/11.3.1/thumb/v7-m/nofp/crtn.o
 *(.fini)
 .fini          0x0000000008001a1c        0x4 C:/ST/STM32CubeIDE_1.14.0/STM32CubeIDE/plugins/com.st.stm32cube.ide.mcu.externaltools.gnu-tools-for-stm32.11.3.rel1.win32_1.1.100.202309141235/tools/bin/../lib/gcc/arm-none-eabi/11.3.1/thumb/v7-m/nofp/crti.o
                0x0000000008001a1c                _fini
 .fini          0x0000000008001a20        0x8 C:/ST/STM32CubeIDE_1.14.0/STM32CubeIDE/plugins/com.st.stm32cube.ide.mcu.externaltools.gnu-tools-for-stm32.11.3.rel1.win32_1.1.100.202309141235/tools/bin/../lib/gcc/arm-none-eabi/11.3.1/thumb/v7-m/nofp/crtn.o
                0x0000000008001a28                . = ALIGN (0x4)
                0x0000000008001a28                _etext = .

.vfp11_veneer   0x0000000008001a28        0x0
 .vfp11_veneer  0x0000000008001a28        0x0 linker stubs

.v4_bx          0x0000000008001a28        0x0
 .v4_bx         0x0000000008001a28        0x0 linker stubs

.iplt           0x0000000008001a28        0x0
 .iplt          0x0000000008001a28        0x0 C:/ST/STM32CubeIDE_1.14.0/STM32CubeIDE/plugins/com.st.stm32cube.ide.mcu.externaltools.gnu-tools-for-stm32.11.3.rel1.win32_1.1.100.202309141235/tools/bin/../lib/gcc/arm-none-eabi/11.3.1/thumb/v7-m/nofp/crtbegin.o

.rodata         0x0000000008001a28       0x4c
                0x0000000008001a28                . = ALIGN (0x4)
 *(.rodata)
 *(.rodata*)
 .rodata.HexTo7Seg
                0x0000000008001a28       0x28 ./Core/Src/TM1638.o
                0x0000000008001a28                HexTo7Seg
 .rodata.AHBPrescTable
                0x0000000008001a50       0x10 ./Core/Src/system_stm32f1xx.o
                0x0000000008001a50                AHBPrescTable
 .rodata.aPLLMULFactorTable.1
                0x0000000008001a60       0x10 ./Drivers/STM32F1xx_HAL_Driver/Src/stm32f1xx_hal_rcc.o
 .rodata.aPredivFactorTable.0
                0x0000000008001a70        0x2 ./Drivers/STM32F1xx_HAL_Driver/Src/stm32f1xx_hal_rcc.o
                0x0000000008001a74                . = ALIGN (0x4)
 *fill*         0x0000000008001a72        0x2 

.rel.dyn        0x0000000008001a74        0x0
 .rel.iplt      0x0000000008001a74        0x0 C:/ST/STM32CubeIDE_1.14.0/STM32CubeIDE/plugins/com.st.stm32cube.ide.mcu.externaltools.gnu-tools-for-stm32.11.3.rel1.win32_1.1.100.202309141235/tools/bin/../lib/gcc/arm-none-eabi/11.3.1/thumb/v7-m/nofp/crtbegin.o

.ARM.extab      0x0000000008001a74        0x0
                0x0000000008001a74                . = ALIGN (0x4)
 *(.ARM.extab* .gnu.linkonce.armextab.*)
                0x0000000008001a74                . = ALIGN (0x4)

.ARM            0x0000000008001a74        0x0
                0x0000000008001a74                . = ALIGN (0x4)
                0x0000000008001a74                __exidx_start = .
 *(.ARM.exidx*)
                0x0000000008001a74                __exidx_end = .
                0x0000000008001a74                . = ALIGN (0x4)

.preinit_array  0x0000000008001a74        0x0
                0x0000000008001a74                . = ALIGN (0x4)
                0x0000000008001a74                PROVIDE (__preinit_array_start = .)
 *(.preinit_array*)
                0x0000000008001a74                PROVIDE (__preinit_array_end = .)
                0x0000000008001a74                . = ALIGN (0x4)

.init_array     0x0000000008001a74        0x4
                0x0000000008001a74                . = ALIGN (0x4)
                0x0000000008001a74                PROVIDE (__init_array_start = .)
 *(SORT_BY_NAME(.init_array.*))
 *(.init_array*)
 .init_array    0x0000000008001a74        0x4 C:/ST/STM32CubeIDE_1.14.0/STM32CubeIDE/plugins/com.st.stm32cube.ide.mcu.externaltools.gnu-tools-for-stm32.11.3.rel1.win32_1.1.100.202309141235/tools/bin/../lib/gcc/arm-none-eabi/11.3.1/thumb/v7-m/nofp/crtbegin.o
                0x0000000008001a78                PROVIDE (__init_array_end = .)
                0x0000000008001a78                . = ALIGN (0x4)

.fini_array     0x0000000008001a78        0x4
                0x0000000008001a78                . = ALIGN (0x4)
                [!provide]                        PROVIDE (__fini_array_start = .)
 *(SORT_BY_NAME(.fini_array.*))
 *(.fini_array*)
 .fini_array    0x0000000008001a78        0x4 C:/ST/STM32CubeIDE_1.14.0/STM32CubeIDE/plugins/com.st.stm32cube.ide.mcu.externaltools.gnu-tools-for-stm32.11.3.rel1.win32_1.1.100.202309141235/tools/bin/../lib/gcc/arm-none-eabi/11.3.1/thumb/v7-m/nofp/crtbegin.o
                [!provide]                        PROVIDE (__fini_array_end = .)
                0x0000000008001a7c                . = ALIGN (0x4)
                0x0000000008001a7c                _sidata = LOADADDR (.data)

.data           0x0000000020000000       0x10 load address 0x0000000008001a7c
                0x0000000020000000                . = ALIGN (0x4)
                0x0000000020000000                _sdata = .
 *(.data)
 *(.data*)
 .data.minutes  0x0000000020000000        0x4 ./Core/Src/main.o
                0x0000000020000000                minutes
 .data.SystemCoreClock
                0x0000000020000004        0x4 ./Core/Src/system_stm32f1xx.o
                0x0000000020000004                SystemCoreClock
 .data.uwTickPrio
                0x0000000020000008        0x4 ./Drivers/STM32F1xx_HAL_Driver/Src/stm32f1xx_hal.o
                0x0000000020000008                uwTickPrio
 .data.uwTickFreq
                0x000000002000000c        0x1 ./Drivers/STM32F1xx_HAL_Driver/Src/stm32f1xx_hal.o
                0x000000002000000c                uwTickFreq
 *(.RamFunc)
 *(.RamFunc*)
                0x0000000020000010                . = ALIGN (0x4)
 *fill*         0x000000002000000d        0x3 
                0x0000000020000010                _edata = .

.igot.plt       0x0000000020000010        0x0 load address 0x0000000008001a8c
 .igot.plt      0x0000000020000010        0x0 C:/ST/STM32CubeIDE_1.14.0/STM32CubeIDE/plugins/com.st.stm32cube.ide.mcu.externaltools.gnu-tools-for-stm32.11.3.rel1.win32_1.1.100.202309141235/tools/bin/../lib/gcc/arm-none-eabi/11.3.1/thumb/v7-m/nofp/crtbegin.o
                0x0000000020000010                . = ALIGN (0x4)

.bss            0x0000000020000010       0x70 load address 0x0000000008001a8c
                0x0000000020000010                _sbss = .
                0x0000000020000010                __bss_start__ = _sbss
 *(.bss)
 .bss           0x0000000020000010       0x1c C:/ST/STM32CubeIDE_1.14.0/STM32CubeIDE/plugins/com.st.stm32cube.ide.mcu.externaltools.gnu-tools-for-stm32.11.3.rel1.win32_1.1.100.202309141235/tools/bin/../lib/gcc/arm-none-eabi/11.3.1/thumb/v7-m/nofp/crtbegin.o
 *(.bss*)
 .bss.Bs81x     0x000000002000002c        0x8 ./Core/Src/Bs81x.o
                0x000000002000002c                Bs81x
 .bss.Handler   0x0000000020000034       0x38 ./Core/Src/main.o
                0x0000000020000034                Handler
 .bss.Buffer    0x000000002000006c        0x7 ./Core/Src/main.o
                0x000000002000006c                Buffer
 *fill*         0x0000000020000073        0x1 
 .bss.seconds   0x0000000020000074        0x4 ./Core/Src/main.o
                0x0000000020000074                seconds
 .bss.flag_timeout
                0x0000000020000078        0x1 ./Core/Src/main.o
                0x0000000020000078                flag_timeout
 *fill*         0x0000000020000079        0x3 
 .bss.uwTick    0x000000002000007c        0x4 ./Drivers/STM32F1xx_HAL_Driver/Src/stm32f1xx_hal.o
                0x000000002000007c                uwTick
 *(COMMON)
                0x0000000020000080                . = ALIGN (0x4)
                0x0000000020000080                _ebss = .
                0x0000000020000080                __bss_end__ = _ebss

._user_heap_stack
                0x0000000020000080      0x600 load address 0x0000000008001a8c
                0x0000000020000080                . = ALIGN (0x8)
                [!provide]                        PROVIDE (end = .)
                0x0000000020000080                PROVIDE (_end = .)
                0x0000000020000280                . = (. + _Min_Heap_Size)
 *fill*         0x0000000020000080      0x200 
                0x0000000020000680                . = (. + _Min_Stack_Size)
 *fill*         0x0000000020000280      0x400 
                0x0000000020000680                . = ALIGN (0x8)

/DISCARD/
 libc.a(*)
 libm.a(*)
 libgcc.a(*)

.ARM.attributes
                0x0000000000000000       0x29
 *(.ARM.attributes)
 .ARM.attributes
                0x0000000000000000       0x1d C:/ST/STM32CubeIDE_1.14.0/STM32CubeIDE/plugins/com.st.stm32cube.ide.mcu.externaltools.gnu-tools-for-stm32.11.3.rel1.win32_1.1.100.202309141235/tools/bin/../lib/gcc/arm-none-eabi/11.3.1/thumb/v7-m/nofp/crti.o
 .ARM.attributes
                0x000000000000001d       0x2d C:/ST/STM32CubeIDE_1.14.0/STM32CubeIDE/plugins/com.st.stm32cube.ide.mcu.externaltools.gnu-tools-for-stm32.11.3.rel1.win32_1.1.100.202309141235/tools/bin/../lib/gcc/arm-none-eabi/11.3.1/thumb/v7-m/nofp/crtbegin.o
 .ARM.attributes
                0x000000000000004a       0x2d ./Core/Src/Bs81x.o
 .ARM.attributes
                0x0000000000000077       0x2d ./Core/Src/TM1638.o
 .ARM.attributes
                0x00000000000000a4       0x2d ./Core/Src/TM1638_platform.o
 .ARM.attributes
                0x00000000000000d1       0x2d ./Core/Src/main.o
 .ARM.attributes
                0x00000000000000fe       0x2d ./Core/Src/stm32f1xx_hal_msp.o
 .ARM.attributes
                0x000000000000012b       0x2d ./Core/Src/stm32f1xx_it.o
 .ARM.attributes
                0x0000000000000158       0x2d ./Core/Src/system_stm32f1xx.o
 .ARM.attributes
                0x0000000000000185       0x21 ./Core/Startup/startup_stm32f103c6tx.o
 .ARM.attributes
                0x00000000000001a6       0x2d ./Drivers/STM32F1xx_HAL_Driver/Src/stm32f1xx_hal.o
 .ARM.attributes
                0x00000000000001d3       0x2d ./Drivers/STM32F1xx_HAL_Driver/Src/stm32f1xx_hal_cortex.o
 .ARM.attributes
                0x0000000000000200       0x2d ./Drivers/STM32F1xx_HAL_Driver/Src/stm32f1xx_hal_gpio.o
 .ARM.attributes
                0x000000000000022d       0x2d ./Drivers/STM32F1xx_HAL_Driver/Src/stm32f1xx_hal_rcc.o
 .ARM.attributes
                0x000000000000025a       0x2d C:/ST/STM32CubeIDE_1.14.0/STM32CubeIDE/plugins/com.st.stm32cube.ide.mcu.externaltools.gnu-tools-for-stm32.11.3.rel1.win32_1.1.100.202309141235/tools/bin/../lib/gcc/arm-none-eabi/11.3.1/../../../../arm-none-eabi/lib/thumb/v7-m/nofp\libc_nano.a(libc_a-memset.o)
 .ARM.attributes
                0x0000000000000287       0x2d C:/ST/STM32CubeIDE_1.14.0/STM32CubeIDE/plugins/com.st.stm32cube.ide.mcu.externaltools.gnu-tools-for-stm32.11.3.rel1.win32_1.1.100.202309141235/tools/bin/../lib/gcc/arm-none-eabi/11.3.1/../../../../arm-none-eabi/lib/thumb/v7-m/nofp\libc_nano.a(libc_a-init.o)
 .ARM.attributes
                0x00000000000002b4       0x1d C:/ST/STM32CubeIDE_1.14.0/STM32CubeIDE/plugins/com.st.stm32cube.ide.mcu.externaltools.gnu-tools-for-stm32.11.3.rel1.win32_1.1.100.202309141235/tools/bin/../lib/gcc/arm-none-eabi/11.3.1/thumb/v7-m/nofp/crtn.o
OUTPUT(BS818.elf elf32-littlearm)
LOAD linker stubs
LOAD C:/ST/STM32CubeIDE_1.14.0/STM32CubeIDE/plugins/com.st.stm32cube.ide.mcu.externaltools.gnu-tools-for-stm32.11.3.rel1.win32_1.1.100.202309141235/tools/bin/../lib/gcc/arm-none-eabi/11.3.1/../../../../arm-none-eabi/lib/thumb/v7-m/nofp\libc.a
LOAD C:/ST/STM32CubeIDE_1.14.0/STM32CubeIDE/plugins/com.st.stm32cube.ide.mcu.externaltools.gnu-tools-for-stm32.11.3.rel1.win32_1.1.100.202309141235/tools/bin/../lib/gcc/arm-none-eabi/11.3.1/../../../../arm-none-eabi/lib/thumb/v7-m/nofp\libm.a
LOAD C:/ST/STM32CubeIDE_1.14.0/STM32CubeIDE/plugins/com.st.stm32cube.ide.mcu.externaltools.gnu-tools-for-stm32.11.3.rel1.win32_1.1.100.202309141235/tools/bin/../lib/gcc/arm-none-eabi/11.3.1/thumb/v7-m/nofp\libgcc.a

.comment        0x0000000000000000       0x43
 .comment       0x0000000000000000       0x43 C:/ST/STM32CubeIDE_1.14.0/STM32CubeIDE/plugins/com.st.stm32cube.ide.mcu.externaltools.gnu-tools-for-stm32.11.3.rel1.win32_1.1.100.202309141235/tools/bin/../lib/gcc/arm-none-eabi/11.3.1/thumb/v7-m/nofp/crtbegin.o
                                         0x44 (size before relaxing)
 .comment       0x0000000000000043       0x44 ./Core/Src/Bs81x.o
 .comment       0x0000000000000043       0x44 ./Core/Src/TM1638.o
 .comment       0x0000000000000043       0x44 ./Core/Src/TM1638_platform.o
 .comment       0x0000000000000043       0x44 ./Core/Src/main.o
 .comment       0x0000000000000043       0x44 ./Core/Src/stm32f1xx_hal_msp.o
 .comment       0x0000000000000043       0x44 ./Core/Src/stm32f1xx_it.o
 .comment       0x0000000000000043       0x44 ./Core/Src/system_stm32f1xx.o
 .comment       0x0000000000000043       0x44 ./Drivers/STM32F1xx_HAL_Driver/Src/stm32f1xx_hal.o
 .comment       0x0000000000000043       0x44 ./Drivers/STM32F1xx_HAL_Driver/Src/stm32f1xx_hal_cortex.o
 .comment       0x0000000000000043       0x44 ./Drivers/STM32F1xx_HAL_Driver/Src/stm32f1xx_hal_gpio.o
 .comment       0x0000000000000043       0x44 ./Drivers/STM32F1xx_HAL_Driver/Src/stm32f1xx_hal_rcc.o

.debug_info     0x0000000000000000     0x39e2
 .debug_info    0x0000000000000000      0x2ef ./Core/Src/Bs81x.o
 .debug_info    0x00000000000002ef      0x768 ./Core/Src/TM1638.o
 .debug_info    0x0000000000000a57      0x475 ./Core/Src/TM1638_platform.o
 .debug_info    0x0000000000000ecc      0x6fe ./Core/Src/main.o
 .debug_info    0x00000000000015ca      0x1f1 ./Core/Src/stm32f1xx_hal_msp.o
 .debug_info    0x00000000000017bb      0x113 ./Core/Src/stm32f1xx_it.o
 .debug_info    0x00000000000018ce      0x222 ./Core/Src/system_stm32f1xx.o
 .debug_info    0x0000000000001af0       0x23 ./Core/Startup/startup_stm32f103c6tx.o
 .debug_info    0x0000000000001b13      0x6e6 ./Drivers/STM32F1xx_HAL_Driver/Src/stm32f1xx_hal.o
 .debug_info    0x00000000000021f9      0xa69 ./Drivers/STM32F1xx_HAL_Driver/Src/stm32f1xx_hal_cortex.o
 .debug_info    0x0000000000002c62      0x5ab ./Drivers/STM32F1xx_HAL_Driver/Src/stm32f1xx_hal_gpio.o
 .debug_info    0x000000000000320d      0x7d5 ./Drivers/STM32F1xx_HAL_Driver/Src/stm32f1xx_hal_rcc.o

.debug_abbrev   0x0000000000000000     0x1499
 .debug_abbrev  0x0000000000000000      0x1d4 ./Core/Src/Bs81x.o
 .debug_abbrev  0x00000000000001d4      0x1be ./Core/Src/TM1638.o
 .debug_abbrev  0x0000000000000392      0x229 ./Core/Src/TM1638_platform.o
 .debug_abbrev  0x00000000000005bb      0x2c9 ./Core/Src/main.o
 .debug_abbrev  0x0000000000000884       0xdb ./Core/Src/stm32f1xx_hal_msp.o
 .debug_abbrev  0x000000000000095f       0x73 ./Core/Src/stm32f1xx_it.o
 .debug_abbrev  0x00000000000009d2      0x13f ./Core/Src/system_stm32f1xx.o
 .debug_abbrev  0x0000000000000b11       0x12 ./Core/Startup/startup_stm32f103c6tx.o
 .debug_abbrev  0x0000000000000b23      0x201 ./Drivers/STM32F1xx_HAL_Driver/Src/stm32f1xx_hal.o
 .debug_abbrev  0x0000000000000d24      0x2f8 ./Drivers/STM32F1xx_HAL_Driver/Src/stm32f1xx_hal_cortex.o
 .debug_abbrev  0x000000000000101c      0x1ca ./Drivers/STM32F1xx_HAL_Driver/Src/stm32f1xx_hal_gpio.o
 .debug_abbrev  0x00000000000011e6      0x2b3 ./Drivers/STM32F1xx_HAL_Driver/Src/stm32f1xx_hal_rcc.o

.debug_aranges  0x0000000000000000      0x518
 .debug_aranges
                0x0000000000000000       0x30 ./Core/Src/Bs81x.o
 .debug_aranges
                0x0000000000000030       0x90 ./Core/Src/TM1638.o
 .debug_aranges
                0x00000000000000c0       0x78 ./Core/Src/TM1638_platform.o
 .debug_aranges
                0x0000000000000138       0x48 ./Core/Src/main.o
 .debug_aranges
                0x0000000000000180       0x20 ./Core/Src/stm32f1xx_hal_msp.o
 .debug_aranges
                0x00000000000001a0       0x60 ./Core/Src/stm32f1xx_it.o
 .debug_aranges
                0x0000000000000200       0x28 ./Core/Src/system_stm32f1xx.o
 .debug_aranges
                0x0000000000000228       0x28 ./Core/Startup/startup_stm32f103c6tx.o
 .debug_aranges
                0x0000000000000250       0xe0 ./Drivers/STM32F1xx_HAL_Driver/Src/stm32f1xx_hal.o
 .debug_aranges
                0x0000000000000330      0x100 ./Drivers/STM32F1xx_HAL_Driver/Src/stm32f1xx_hal_cortex.o
 .debug_aranges
                0x0000000000000430       0x58 ./Drivers/STM32F1xx_HAL_Driver/Src/stm32f1xx_hal_gpio.o
 .debug_aranges
                0x0000000000000488       0x90 ./Drivers/STM32F1xx_HAL_Driver/Src/stm32f1xx_hal_rcc.o

.debug_rnglists
                0x0000000000000000      0x3a8
 .debug_rnglists
                0x0000000000000000       0x21 ./Core/Src/Bs81x.o
 .debug_rnglists
                0x0000000000000021       0x6e ./Core/Src/TM1638.o
 .debug_rnglists
                0x000000000000008f       0x55 ./Core/Src/TM1638_platform.o
 .debug_rnglists
                0x00000000000000e4       0x32 ./Core/Src/main.o
 .debug_rnglists
                0x0000000000000116       0x13 ./Core/Src/stm32f1xx_hal_msp.o
 .debug_rnglists
                0x0000000000000129       0x43 ./Core/Src/stm32f1xx_it.o
 .debug_rnglists
                0x000000000000016c       0x1a ./Core/Src/system_stm32f1xx.o
 .debug_rnglists
                0x0000000000000186       0x19 ./Core/Startup/startup_stm32f103c6tx.o
 .debug_rnglists
                0x000000000000019f       0xa3 ./Drivers/STM32F1xx_HAL_Driver/Src/stm32f1xx_hal.o
 .debug_rnglists
                0x0000000000000242       0xbb ./Drivers/STM32F1xx_HAL_Driver/Src/stm32f1xx_hal_cortex.o
 .debug_rnglists
                0x00000000000002fd       0x3f ./Drivers/STM32F1xx_HAL_Driver/Src/stm32f1xx_hal_gpio.o
 .debug_rnglists
                0x000000000000033c       0x6c ./Drivers/STM32F1xx_HAL_Driver/Src/stm32f1xx_hal_rcc.o

.debug_macro    0x0000000000000000    0x15a5e
 .debug_macro   0x0000000000000000      0x1b7 ./Core/Src/Bs81x.o
 .debug_macro   0x00000000000001b7      0xa9c ./Core/Src/Bs81x.o
 .debug_macro   0x0000000000000c53      0x20f ./Core/Src/Bs81x.o
 .debug_macro   0x0000000000000e62       0x2e ./Core/Src/Bs81x.o
 .debug_macro   0x0000000000000e90       0x22 ./Core/Src/Bs81x.o
 .debug_macro   0x0000000000000eb2       0x22 ./Core/Src/Bs81x.o
 .debug_macro   0x0000000000000ed4       0x8e ./Core/Src/Bs81x.o
 .debug_macro   0x0000000000000f62       0x51 ./Core/Src/Bs81x.o
 .debug_macro   0x0000000000000fb3      0x103 ./Core/Src/Bs81x.o
 .debug_macro   0x00000000000010b6       0x6a ./Core/Src/Bs81x.o
 .debug_macro   0x0000000000001120      0x1df ./Core/Src/Bs81x.o
 .debug_macro   0x00000000000012ff       0x1c ./Core/Src/Bs81x.o
 .debug_macro   0x000000000000131b       0x22 ./Core/Src/Bs81x.o
 .debug_macro   0x000000000000133d       0xbd ./Core/Src/Bs81x.o
 .debug_macro   0x00000000000013fa      0xd23 ./Core/Src/Bs81x.o
 .debug_macro   0x000000000000211d     0xde75 ./Core/Src/Bs81x.o
 .debug_macro   0x000000000000ff92       0x6d ./Core/Src/Bs81x.o
 .debug_macro   0x000000000000ffff     0x348d ./Core/Src/Bs81x.o
 .debug_macro   0x000000000001348c      0x174 ./Core/Src/Bs81x.o
 .debug_macro   0x0000000000013600       0x5c ./Core/Src/Bs81x.o
 .debug_macro   0x000000000001365c      0x5bc ./Core/Src/Bs81x.o
 .debug_macro   0x0000000000013c18      0x1b7 ./Core/Src/Bs81x.o
 .debug_macro   0x0000000000013dcf      0x1cb ./Core/Src/Bs81x.o
 .debug_macro   0x0000000000013f9a      0x114 ./Core/Src/Bs81x.o
 .debug_macro   0x00000000000140ae      0x1b2 ./Core/Src/Bs81x.o
 .debug_macro   0x0000000000014260       0x27 ./Core/Src/Bs81x.o
 .debug_macro   0x0000000000014287      0x12f ./Core/Src/Bs81x.o
 .debug_macro   0x00000000000143b6      0x1bc ./Core/Src/Bs81x.o
 .debug_macro   0x0000000000014572       0x34 ./Core/Src/Bs81x.o
 .debug_macro   0x00000000000145a6       0x3c ./Core/Src/Bs81x.o
 .debug_macro   0x00000000000145e2       0x57 ./Core/Src/Bs81x.o
 .debug_macro   0x0000000000014639       0x87 ./Core/Src/Bs81x.o
 .debug_macro   0x00000000000146c0      0x183 ./Core/Src/Bs81x.o
 .debug_macro   0x0000000000014843      0x140 ./Core/Src/Bs81x.o
 .debug_macro   0x0000000000014983       0x69 ./Core/Src/Bs81x.o
 .debug_macro   0x00000000000149ec       0x1c ./Core/Src/Bs81x.o
 .debug_macro   0x0000000000014a08       0x22 ./Core/Src/Bs81x.o
 .debug_macro   0x0000000000014a2a       0x16 ./Core/Src/Bs81x.o
 .debug_macro   0x0000000000014a40       0xbd ./Core/Src/TM1638.o
 .debug_macro   0x0000000000014afd       0x10 ./Core/Src/TM1638.o
 .debug_macro   0x0000000000014b0d       0x22 ./Core/Src/TM1638.o
 .debug_macro   0x0000000000014b2f      0x1b8 ./Core/Src/TM1638_platform.o
 .debug_macro   0x0000000000014ce7       0x28 ./Core/Src/TM1638_platform.o
 .debug_macro   0x0000000000014d0f      0x1e2 ./Core/Src/main.o
 .debug_macro   0x0000000000014ef1       0x16 ./Core/Src/main.o
 .debug_macro   0x0000000000014f07      0x191 ./Core/Src/stm32f1xx_hal_msp.o
 .debug_macro   0x0000000000015098      0x19b ./Core/Src/stm32f1xx_it.o
 .debug_macro   0x0000000000015233      0x182 ./Core/Src/system_stm32f1xx.o
 .debug_macro   0x00000000000153b5      0x1a6 ./Drivers/STM32F1xx_HAL_Driver/Src/stm32f1xx_hal.o
 .debug_macro   0x000000000001555b      0x182 ./Drivers/STM32F1xx_HAL_Driver/Src/stm32f1xx_hal_cortex.o
 .debug_macro   0x00000000000156dd      0x1ed ./Drivers/STM32F1xx_HAL_Driver/Src/stm32f1xx_hal_gpio.o
 .debug_macro   0x00000000000158ca      0x194 ./Drivers/STM32F1xx_HAL_Driver/Src/stm32f1xx_hal_rcc.o

.debug_line     0x0000000000000000     0x6516
 .debug_line    0x0000000000000000      0x7c2 ./Core/Src/Bs81x.o
 .debug_line    0x00000000000007c2      0xaf2 ./Core/Src/TM1638.o
 .debug_line    0x00000000000012b4      0x838 ./Core/Src/TM1638_platform.o
 .debug_line    0x0000000000001aec      0x82c ./Core/Src/main.o
 .debug_line    0x0000000000002318      0x6bd ./Core/Src/stm32f1xx_hal_msp.o
 .debug_line    0x00000000000029d5      0x77e ./Core/Src/stm32f1xx_it.o
 .debug_line    0x0000000000003153      0x73a ./Core/Src/system_stm32f1xx.o
 .debug_line    0x000000000000388d       0x78 ./Core/Startup/startup_stm32f103c6tx.o
 .debug_line    0x0000000000003905      0x967 ./Drivers/STM32F1xx_HAL_Driver/Src/stm32f1xx_hal.o
 .debug_line    0x000000000000426c      0xb4f ./Drivers/STM32F1xx_HAL_Driver/Src/stm32f1xx_hal_cortex.o
 .debug_line    0x0000000000004dbb      0x9eb ./Drivers/STM32F1xx_HAL_Driver/Src/stm32f1xx_hal_gpio.o
 .debug_line    0x00000000000057a6      0xd70 ./Drivers/STM32F1xx_HAL_Driver/Src/stm32f1xx_hal_rcc.o

.debug_str      0x0000000000000000    0x79ec4
 .debug_str     0x0000000000000000    0x7873c ./Core/Src/Bs81x.o
                                      0x78a90 (size before relaxing)
 .debug_str     0x000000000007873c      0x3fc ./Core/Src/TM1638.o
                                       0x4140 (size before relaxing)
 .debug_str     0x0000000000078b38      0x1fb ./Core/Src/TM1638_platform.o
                                      0x78c8e (size before relaxing)
 .debug_str     0x0000000000078d33      0x251 ./Core/Src/main.o
                                      0x78eee (size before relaxing)
 .debug_str     0x0000000000078f84       0x5a ./Core/Src/stm32f1xx_hal_msp.o
                                      0x78936 (size before relaxing)
 .debug_str     0x0000000000078fde       0xc9 ./Core/Src/stm32f1xx_it.o
                                      0x7894b (size before relaxing)
 .debug_str     0x00000000000790a7       0x6e ./Core/Src/system_stm32f1xx.o
                                      0x788f1 (size before relaxing)
 .debug_str     0x0000000000079115       0x34 ./Core/Startup/startup_stm32f103c6tx.o
                                         0x70 (size before relaxing)
 .debug_str     0x0000000000079149      0x5c1 ./Drivers/STM32F1xx_HAL_Driver/Src/stm32f1xx_hal.o
                                      0x78fea (size before relaxing)
 .debug_str     0x000000000007970a      0x2bb ./Drivers/STM32F1xx_HAL_Driver/Src/stm32f1xx_hal_cortex.o
                                      0x78f36 (size before relaxing)
 .debug_str     0x00000000000799c5      0x2d6 ./Drivers/STM32F1xx_HAL_Driver/Src/stm32f1xx_hal_gpio.o
                                      0x78c77 (size before relaxing)
 .debug_str     0x0000000000079c9b      0x229 ./Drivers/STM32F1xx_HAL_Driver/Src/stm32f1xx_hal_rcc.o
                                      0x78d20 (size before relaxing)

.debug_frame    0x0000000000000000     0x11b4
 .debug_frame   0x0000000000000000       0x74 ./Core/Src/Bs81x.o
 .debug_frame   0x0000000000000074      0x230 ./Core/Src/TM1638.o
 .debug_frame   0x00000000000002a4      0x1a4 ./Core/Src/TM1638_platform.o
 .debug_frame   0x0000000000000448       0xcc ./Core/Src/main.o
 .debug_frame   0x0000000000000514       0x38 ./Core/Src/stm32f1xx_hal_msp.o
 .debug_frame   0x000000000000054c      0x104 ./Core/Src/stm32f1xx_it.o
 .debug_frame   0x0000000000000650       0x58 ./Core/Src/system_stm32f1xx.o
 .debug_frame   0x00000000000006a8      0x334 ./Drivers/STM32F1xx_HAL_Driver/Src/stm32f1xx_hal.o
 .debug_frame   0x00000000000009dc      0x428 ./Drivers/STM32F1xx_HAL_Driver/Src/stm32f1xx_hal_cortex.o
 .debug_frame   0x0000000000000e04      0x14c ./Drivers/STM32F1xx_HAL_Driver/Src/stm32f1xx_hal_gpio.o
 .debug_frame   0x0000000000000f50      0x218 ./Drivers/STM32F1xx_HAL_Driver/Src/stm32f1xx_hal_rcc.o
 .debug_frame   0x0000000000001168       0x20 C:/ST/STM32CubeIDE_1.14.0/STM32CubeIDE/plugins/com.st.stm32cube.ide.mcu.externaltools.gnu-tools-for-stm32.11.3.rel1.win32_1.1.100.202309141235/tools/bin/../lib/gcc/arm-none-eabi/11.3.1/../../../../arm-none-eabi/lib/thumb/v7-m/nofp\libc_nano.a(libc_a-memset.o)
 .debug_frame   0x0000000000001188       0x2c C:/ST/STM32CubeIDE_1.14.0/STM32CubeIDE/plugins/com.st.stm32cube.ide.mcu.externaltools.gnu-tools-for-stm32.11.3.rel1.win32_1.1.100.202309141235/tools/bin/../lib/gcc/arm-none-eabi/11.3.1/../../../../arm-none-eabi/lib/thumb/v7-m/nofp\libc_nano.a(libc_a-init.o)

.debug_line_str
                0x0000000000000000       0x64
 .debug_line_str
                0x0000000000000000       0x64 ./Core/Startup/startup_stm32f103c6tx.o
                                         0x7c (size before relaxing)
